// Vitest Snapshot v1, https://vitest.dev/guide/snapshot.html

exports[`prepares bot code correctly when there are three bots and some food in the world 1`] = `
"
global._player = {"x":0,"y":0,"radius":5};
global._otherPlayers = [{"x":10,"y":10,"radius":5},{"x":20,"y":20,"radius":5}];
global._food = [{"x":30,"y":30,"radius":5},{"x":40,"y":40,"radius":5}];
global._worldWidth = 100;
global._worldHeight = 100;

console.log('hello world');

console.log('hello bot api');
"
`;

exports[`prepares bot code correctly when there are two bots in the world 1`] = `
"
global._player = {"x":0,"y":0,"radius":5};
global._otherPlayers = [{"x":10,"y":10,"radius":5}];
global._food = [];
global._worldWidth = 100;
global._worldHeight = 100;

console.log('hello world');

console.log('hello bot api');
"
`;

exports[`prepares bot code correctly when there is one bot in the world 1`] = `
"
global._player = {"x":0,"y":0,"radius":5};
global._otherPlayers = [];
global._food = [];
global._worldWidth = 100;
global._worldHeight = 100;

console.log('hello world');

console.log('hello bot api');
"
`;
